ERROR - 2026-09-18 15:39:49 --> Error connecting to the database: mysqli_sql_exception: Access denied for user 'root'@'localhost' (using password: YES) in C:\Users\Zyra\Desktop\Activity\codeigniter4\system\Database\MySQLi\Connection.php:201
Stack trace:
#0 C:\Users\Zyra\Desktop\Activity\codeigniter4\system\Database\MySQLi\Connection.php(201): mysqli->real_connect('localhost', 'root', Object(SensitiveParameterValue), 'ci4', 3306, '', 0)
#1 C:\Users\Zyra\Desktop\Activity\codeigniter4\system\Database\BaseConnection.php(555): CodeIgniter\Database\MySQLi\Connection->connect(false)
#2 C:\Users\Zyra\Desktop\Activity\codeigniter4\system\Database\BaseConnection.php(795): CodeIgniter\Database\BaseConnection->initialize()
#3 C:\Users\Zyra\Desktop\Activity\codeigniter4\system\Database\BaseBuilder.php(1659): CodeIgniter\Database\BaseConnection->query('SELECT *\nFROM `...', Array, false)
#4 C:\Users\Zyra\Desktop\Activity\codeigniter4\system\Model.php(255): CodeIgniter\Database\BaseBuilder->get()
#5 C:\Users\Zyra\Desktop\Activity\codeigniter4\system\BaseModel.php(676): CodeIgniter\Model->doFindAll(0, 0)
#6 C:\Users\Zyra\Desktop\Activity\codeigniter4\app\Controllers\Customers.php(15): CodeIgniter\BaseModel->findAll()
#7 C:\Users\Zyra\Desktop\Activity\codeigniter4\system\CodeIgniter.php(974): App\Controllers\Customers->index()
#8 C:\Users\Zyra\Desktop\Activity\codeigniter4\system\CodeIgniter.php(520): CodeIgniter\CodeIgniter->runController(Object(App\Controllers\Customers))
#9 C:\Users\Zyra\Desktop\Activity\codeigniter4\system\CodeIgniter.php(363): CodeIgniter\CodeIgniter->handleRequest(NULL, Object(Config\Cache), false)
#10 C:\Users\Zyra\Desktop\Activity\codeigniter4\system\Boot.php(417): CodeIgniter\CodeIgniter->run()
#11 C:\Users\Zyra\Desktop\Activity\codeigniter4\system\Boot.php(68): CodeIgniter\Boot::runCodeIgniter(Object(CodeIgniter\CodeIgniter))
#12 C:\Users\Zyra\Desktop\Activity\codeigniter4\public\index.php(59): CodeIgniter\Boot::bootWeb(Object(Config\Paths))
#13 C:\Users\Zyra\Desktop\Activity\codeigniter4\system\rewrite.php(44): require_once('C:\\Users\\Zyra\\D...')
#14 {main}

Next CodeIgniter\Database\Exceptions\DatabaseException: Access denied for user '****'@'localhost' (using password: YES) in C:\Users\Zyra\Desktop\Activity\codeigniter4\system\Database\MySQLi\Connection.php:231
Stack trace:
#0 C:\Users\Zyra\Desktop\Activity\codeigniter4\system\Database\BaseConnection.php(555): CodeIgniter\Database\MySQLi\Connection->connect(false)
#1 C:\Users\Zyra\Desktop\Activity\codeigniter4\system\Database\BaseConnection.php(795): CodeIgniter\Database\BaseConnection->initialize()
#2 C:\Users\Zyra\Desktop\Activity\codeigniter4\system\Database\BaseBuilder.php(1659): CodeIgniter\Database\BaseConnection->query('SELECT *\nFROM `...', Array, false)
#3 C:\Users\Zyra\Desktop\Activity\codeigniter4\system\Model.php(255): CodeIgniter\Database\BaseBuilder->get()
#4 C:\Users\Zyra\Desktop\Activity\codeigniter4\system\BaseModel.php(676): CodeIgniter\Model->doFindAll(0, 0)
#5 C:\Users\Zyra\Desktop\Activity\codeigniter4\app\Controllers\Customers.php(15): CodeIgniter\BaseModel->findAll()
#6 C:\Users\Zyra\Desktop\Activity\codeigniter4\system\CodeIgniter.php(974): App\Controllers\Customers->index()
#7 C:\Users\Zyra\Desktop\Activity\codeigniter4\system\CodeIgniter.php(520): CodeIgniter\CodeIgniter->runController(Object(App\Controllers\Customers))
#8 C:\Users\Zyra\Desktop\Activity\codeigniter4\system\CodeIgniter.php(363): CodeIgniter\CodeIgniter->handleRequest(NULL, Object(Config\Cache), false)
#9 C:\Users\Zyra\Desktop\Activity\codeigniter4\system\Boot.php(417): CodeIgniter\CodeIgniter->run()
#10 C:\Users\Zyra\Desktop\Activity\codeigniter4\system\Boot.php(68): CodeIgniter\Boot::runCodeIgniter(Object(CodeIgniter\CodeIgniter))
#11 C:\Users\Zyra\Desktop\Activity\codeigniter4\public\index.php(59): CodeIgniter\Boot::bootWeb(Object(Config\Paths))
#12 C:\Users\Zyra\Desktop\Activity\codeigniter4\system\rewrite.php(44): require_once('C:\\Users\\Zyra\\D...')
#13 {main}
CRITICAL - 2026-09-18 15:39:49 --> CodeIgniter\Database\Exceptions\DatabaseException: Unable to connect to the database.
Main connection [MySQLi]: Access denied for user '****'@'localhost' (using password: YES)
[Method: GET, Route: customers]
in SYSTEMPATH\Database\BaseConnection.php on line 606.
 1 SYSTEMPATH\Database\BaseConnection.php(795): CodeIgniter\Database\BaseConnection->initialize()
 2 SYSTEMPATH\Database\BaseBuilder.php(1659): CodeIgniter\Database\BaseConnection->query('SELECT *
FROM `customers`
ORDER BY `id` ASC', [], false)
 3 SYSTEMPATH\Model.php(255): CodeIgniter\Database\BaseBuilder->get()
 4 SYSTEMPATH\BaseModel.php(676): CodeIgniter\Model->doFindAll(0, 0)
 5 APPPATH\Controllers\Customers.php(15): CodeIgniter\BaseModel->findAll()
 6 SYSTEMPATH\CodeIgniter.php(974): App\Controllers\Customers->index()
 7 SYSTEMPATH\CodeIgniter.php(520): CodeIgniter\CodeIgniter->runController(Object(App\Controllers\Customers))
 8 SYSTEMPATH\CodeIgniter.php(363): CodeIgniter\CodeIgniter->handleRequest(null, Object(Config\Cache), false)
 9 SYSTEMPATH\Boot.php(417): CodeIgniter\CodeIgniter->run()
10 SYSTEMPATH\Boot.php(68): CodeIgniter\Boot::runCodeIgniter(Object(CodeIgniter\CodeIgniter))
11 FCPATH\index.php(59): CodeIgniter\Boot::bootWeb(Object(Config\Paths))
12 SYSTEMPATH\rewrite.php(44): require_once('C:\\Users\\Zyra\\Desktop\\Activity\\codeigniter4\\public\\index.php')
ERROR - 2026-09-18 15:41:24 --> Error connecting to the database: mysqli_sql_exception: Unknown database 'ci4' in C:\Users\Zyra\Desktop\Activity\codeigniter4\system\Database\MySQLi\Connection.php:201
Stack trace:
#0 C:\Users\Zyra\Desktop\Activity\codeigniter4\system\Database\MySQLi\Connection.php(201): mysqli->real_connect('localhost', 'root', Object(SensitiveParameterValue), 'ci4', 3306, '', 0)
#1 C:\Users\Zyra\Desktop\Activity\codeigniter4\system\Database\BaseConnection.php(555): CodeIgniter\Database\MySQLi\Connection->connect(false)
#2 C:\Users\Zyra\Desktop\Activity\codeigniter4\system\Database\BaseConnection.php(795): CodeIgniter\Database\BaseConnection->initialize()
#3 C:\Users\Zyra\Desktop\Activity\codeigniter4\system\Database\BaseBuilder.php(1659): CodeIgniter\Database\BaseConnection->query('SELECT *\nFROM `...', Array, false)
#4 C:\Users\Zyra\Desktop\Activity\codeigniter4\system\Model.php(255): CodeIgniter\Database\BaseBuilder->get()
#5 C:\Users\Zyra\Desktop\Activity\codeigniter4\system\BaseModel.php(676): CodeIgniter\Model->doFindAll(0, 0)
#6 C:\Users\Zyra\Desktop\Activity\codeigniter4\app\Controllers\Customers.php(15): CodeIgniter\BaseModel->findAll()
#7 C:\Users\Zyra\Desktop\Activity\codeigniter4\system\CodeIgniter.php(974): App\Controllers\Customers->index()
#8 C:\Users\Zyra\Desktop\Activity\codeigniter4\system\CodeIgniter.php(520): CodeIgniter\CodeIgniter->runController(Object(App\Controllers\Customers))
#9 C:\Users\Zyra\Desktop\Activity\codeigniter4\system\CodeIgniter.php(363): CodeIgniter\CodeIgniter->handleRequest(NULL, Object(Config\Cache), false)
#10 C:\Users\Zyra\Desktop\Activity\codeigniter4\system\Boot.php(417): CodeIgniter\CodeIgniter->run()
#11 C:\Users\Zyra\Desktop\Activity\codeigniter4\system\Boot.php(68): CodeIgniter\Boot::runCodeIgniter(Object(CodeIgniter\CodeIgniter))
#12 C:\Users\Zyra\Desktop\Activity\codeigniter4\public\index.php(59): CodeIgniter\Boot::bootWeb(Object(Config\Paths))
#13 C:\Users\Zyra\Desktop\Activity\codeigniter4\system\rewrite.php(44): require_once('C:\\Users\\Zyra\\D...')
#14 {main}

Next CodeIgniter\Database\Exceptions\DatabaseException: Unknown database 'ci4' in C:\Users\Zyra\Desktop\Activity\codeigniter4\system\Database\MySQLi\Connection.php:231
Stack trace:
#0 C:\Users\Zyra\Desktop\Activity\codeigniter4\system\Database\BaseConnection.php(555): CodeIgniter\Database\MySQLi\Connection->connect(false)
#1 C:\Users\Zyra\Desktop\Activity\codeigniter4\system\Database\BaseConnection.php(795): CodeIgniter\Database\BaseConnection->initialize()
#2 C:\Users\Zyra\Desktop\Activity\codeigniter4\system\Database\BaseBuilder.php(1659): CodeIgniter\Database\BaseConnection->query('SELECT *\nFROM `...', Array, false)
#3 C:\Users\Zyra\Desktop\Activity\codeigniter4\system\Model.php(255): CodeIgniter\Database\BaseBuilder->get()
#4 C:\Users\Zyra\Desktop\Activity\codeigniter4\system\BaseModel.php(676): CodeIgniter\Model->doFindAll(0, 0)
#5 C:\Users\Zyra\Desktop\Activity\codeigniter4\app\Controllers\Customers.php(15): CodeIgniter\BaseModel->findAll()
#6 C:\Users\Zyra\Desktop\Activity\codeigniter4\system\CodeIgniter.php(974): App\Controllers\Customers->index()
#7 C:\Users\Zyra\Desktop\Activity\codeigniter4\system\CodeIgniter.php(520): CodeIgniter\CodeIgniter->runController(Object(App\Controllers\Customers))
#8 C:\Users\Zyra\Desktop\Activity\codeigniter4\system\CodeIgniter.php(363): CodeIgniter\CodeIgniter->handleRequest(NULL, Object(Config\Cache), false)
#9 C:\Users\Zyra\Desktop\Activity\codeigniter4\system\Boot.php(417): CodeIgniter\CodeIgniter->run()
#10 C:\Users\Zyra\Desktop\Activity\codeigniter4\system\Boot.php(68): CodeIgniter\Boot::runCodeIgniter(Object(CodeIgniter\CodeIgniter))
#11 C:\Users\Zyra\Desktop\Activity\codeigniter4\public\index.php(59): CodeIgniter\Boot::bootWeb(Object(Config\Paths))
#12 C:\Users\Zyra\Desktop\Activity\codeigniter4\system\rewrite.php(44): require_once('C:\\Users\\Zyra\\D...')
#13 {main}
CRITICAL - 2026-09-18 15:41:24 --> CodeIgniter\Database\Exceptions\DatabaseException: Unable to connect to the database.
Main connection [MySQLi]: Unknown database 'ci4'
[Method: GET, Route: customers]
in SYSTEMPATH\Database\BaseConnection.php on line 606.
 1 SYSTEMPATH\Database\BaseConnection.php(795): CodeIgniter\Database\BaseConnection->initialize()
 2 SYSTEMPATH\Database\BaseBuilder.php(1659): CodeIgniter\Database\BaseConnection->query('SELECT *
FROM `customers`
ORDER BY `id` ASC', [], false)
 3 SYSTEMPATH\Model.php(255): CodeIgniter\Database\BaseBuilder->get()
 4 SYSTEMPATH\BaseModel.php(676): CodeIgniter\Model->doFindAll(0, 0)
 5 APPPATH\Controllers\Customers.php(15): CodeIgniter\BaseModel->findAll()
 6 SYSTEMPATH\CodeIgniter.php(974): App\Controllers\Customers->index()
 7 SYSTEMPATH\CodeIgniter.php(520): CodeIgniter\CodeIgniter->runController(Object(App\Controllers\Customers))
 8 SYSTEMPATH\CodeIgniter.php(363): CodeIgniter\CodeIgniter->handleRequest(null, Object(Config\Cache), false)
 9 SYSTEMPATH\Boot.php(417): CodeIgniter\CodeIgniter->run()
10 SYSTEMPATH\Boot.php(68): CodeIgniter\Boot::runCodeIgniter(Object(CodeIgniter\CodeIgniter))
11 FCPATH\index.php(59): CodeIgniter\Boot::bootWeb(Object(Config\Paths))
12 SYSTEMPATH\rewrite.php(44): require_once('C:\\Users\\Zyra\\Desktop\\Activity\\codeigniter4\\public\\index.php')
ERROR - 2026-09-18 15:41:26 --> Error connecting to the database: mysqli_sql_exception: Unknown database 'ci4' in C:\Users\Zyra\Desktop\Activity\codeigniter4\system\Database\MySQLi\Connection.php:201
Stack trace:
#0 C:\Users\Zyra\Desktop\Activity\codeigniter4\system\Database\MySQLi\Connection.php(201): mysqli->real_connect('localhost', 'root', Object(SensitiveParameterValue), 'ci4', 3306, '', 0)
#1 C:\Users\Zyra\Desktop\Activity\codeigniter4\system\Database\BaseConnection.php(555): CodeIgniter\Database\MySQLi\Connection->connect(false)
#2 C:\Users\Zyra\Desktop\Activity\codeigniter4\system\Database\BaseConnection.php(795): CodeIgniter\Database\BaseConnection->initialize()
#3 C:\Users\Zyra\Desktop\Activity\codeigniter4\system\Database\BaseBuilder.php(1659): CodeIgniter\Database\BaseConnection->query('SELECT *\nFROM `...', Array, false)
#4 C:\Users\Zyra\Desktop\Activity\codeigniter4\system\Model.php(255): CodeIgniter\Database\BaseBuilder->get()
#5 C:\Users\Zyra\Desktop\Activity\codeigniter4\system\BaseModel.php(676): CodeIgniter\Model->doFindAll(0, 0)
#6 C:\Users\Zyra\Desktop\Activity\codeigniter4\app\Controllers\Customers.php(15): CodeIgniter\BaseModel->findAll()
#7 C:\Users\Zyra\Desktop\Activity\codeigniter4\system\CodeIgniter.php(974): App\Controllers\Customers->index()
#8 C:\Users\Zyra\Desktop\Activity\codeigniter4\system\CodeIgniter.php(520): CodeIgniter\CodeIgniter->runController(Object(App\Controllers\Customers))
#9 C:\Users\Zyra\Desktop\Activity\codeigniter4\system\CodeIgniter.php(363): CodeIgniter\CodeIgniter->handleRequest(NULL, Object(Config\Cache), false)
#10 C:\Users\Zyra\Desktop\Activity\codeigniter4\system\Boot.php(417): CodeIgniter\CodeIgniter->run()
#11 C:\Users\Zyra\Desktop\Activity\codeigniter4\system\Boot.php(68): CodeIgniter\Boot::runCodeIgniter(Object(CodeIgniter\CodeIgniter))
#12 C:\Users\Zyra\Desktop\Activity\codeigniter4\public\index.php(59): CodeIgniter\Boot::bootWeb(Object(Config\Paths))
#13 C:\Users\Zyra\Desktop\Activity\codeigniter4\system\rewrite.php(44): require_once('C:\\Users\\Zyra\\D...')
#14 {main}

Next CodeIgniter\Database\Exceptions\DatabaseException: Unknown database 'ci4' in C:\Users\Zyra\Desktop\Activity\codeigniter4\system\Database\MySQLi\Connection.php:231
Stack trace:
#0 C:\Users\Zyra\Desktop\Activity\codeigniter4\system\Database\BaseConnection.php(555): CodeIgniter\Database\MySQLi\Connection->connect(false)
#1 C:\Users\Zyra\Desktop\Activity\codeigniter4\system\Database\BaseConnection.php(795): CodeIgniter\Database\BaseConnection->initialize()
#2 C:\Users\Zyra\Desktop\Activity\codeigniter4\system\Database\BaseBuilder.php(1659): CodeIgniter\Database\BaseConnection->query('SELECT *\nFROM `...', Array, false)
#3 C:\Users\Zyra\Desktop\Activity\codeigniter4\system\Model.php(255): CodeIgniter\Database\BaseBuilder->get()
#4 C:\Users\Zyra\Desktop\Activity\codeigniter4\system\BaseModel.php(676): CodeIgniter\Model->doFindAll(0, 0)
#5 C:\Users\Zyra\Desktop\Activity\codeigniter4\app\Controllers\Customers.php(15): CodeIgniter\BaseModel->findAll()
#6 C:\Users\Zyra\Desktop\Activity\codeigniter4\system\CodeIgniter.php(974): App\Controllers\Customers->index()
#7 C:\Users\Zyra\Desktop\Activity\codeigniter4\system\CodeIgniter.php(520): CodeIgniter\CodeIgniter->runController(Object(App\Controllers\Customers))
#8 C:\Users\Zyra\Desktop\Activity\codeigniter4\system\CodeIgniter.php(363): CodeIgniter\CodeIgniter->handleRequest(NULL, Object(Config\Cache), false)
#9 C:\Users\Zyra\Desktop\Activity\codeigniter4\system\Boot.php(417): CodeIgniter\CodeIgniter->run()
#10 C:\Users\Zyra\Desktop\Activity\codeigniter4\system\Boot.php(68): CodeIgniter\Boot::runCodeIgniter(Object(CodeIgniter\CodeIgniter))
#11 C:\Users\Zyra\Desktop\Activity\codeigniter4\public\index.php(59): CodeIgniter\Boot::bootWeb(Object(Config\Paths))
#12 C:\Users\Zyra\Desktop\Activity\codeigniter4\system\rewrite.php(44): require_once('C:\\Users\\Zyra\\D...')
#13 {main}
CRITICAL - 2026-09-18 15:41:26 --> CodeIgniter\Database\Exceptions\DatabaseException: Unable to connect to the database.
Main connection [MySQLi]: Unknown database 'ci4'
[Method: GET, Route: customers]
in SYSTEMPATH\Database\BaseConnection.php on line 606.
 1 SYSTEMPATH\Database\BaseConnection.php(795): CodeIgniter\Database\BaseConnection->initialize()
 2 SYSTEMPATH\Database\BaseBuilder.php(1659): CodeIgniter\Database\BaseConnection->query('SELECT *
FROM `customers`
ORDER BY `id` ASC', [], false)
 3 SYSTEMPATH\Model.php(255): CodeIgniter\Database\BaseBuilder->get()
 4 SYSTEMPATH\BaseModel.php(676): CodeIgniter\Model->doFindAll(0, 0)
 5 APPPATH\Controllers\Customers.php(15): CodeIgniter\BaseModel->findAll()
 6 SYSTEMPATH\CodeIgniter.php(974): App\Controllers\Customers->index()
 7 SYSTEMPATH\CodeIgniter.php(520): CodeIgniter\CodeIgniter->runController(Object(App\Controllers\Customers))
 8 SYSTEMPATH\CodeIgniter.php(363): CodeIgniter\CodeIgniter->handleRequest(null, Object(Config\Cache), false)
 9 SYSTEMPATH\Boot.php(417): CodeIgniter\CodeIgniter->run()
10 SYSTEMPATH\Boot.php(68): CodeIgniter\Boot::runCodeIgniter(Object(CodeIgniter\CodeIgniter))
11 FCPATH\index.php(59): CodeIgniter\Boot::bootWeb(Object(Config\Paths))
12 SYSTEMPATH\rewrite.php(44): require_once('C:\\Users\\Zyra\\Desktop\\Activity\\codeigniter4\\public\\index.php')
