CRITICAL - 2026-09-12 14:00:05 --> CodeIgniter\View\Exceptions\ViewException: Invalid file: "users/index.php"
[Method: GET, Route: users]
in SYSTEMPATH\Exceptions\FrameworkException.php on line 39.
 1 SYSTEMPATH\View\View.php(228): CodeIgniter\Exceptions\FrameworkException::forInvalidFile('users/index.php')
 2 SYSTEMPATH\Common.php(1268): CodeIgniter\View\View->render('users/index', [], true)
 3 APPPATH\Controllers\Users.php(37): view('users/index', [...])
 4 SYSTEMPATH\CodeIgniter.php(974): App\Controllers\Users->index()
 5 SYSTEMPATH\CodeIgniter.php(520): CodeIgniter\CodeIgniter->runController(Object(App\Controllers\Users))
 6 SYSTEMPATH\CodeIgniter.php(363): CodeIgniter\CodeIgniter->handleRequest(null, Object(Config\Cache), false)
 7 SYSTEMPATH\Boot.php(417): CodeIgniter\CodeIgniter->run()
 8 SYSTEMPATH\Boot.php(68): CodeIgniter\Boot::runCodeIgniter(Object(CodeIgniter\CodeIgniter))
 9 FCPATH\index.php(59): CodeIgniter\Boot::bootWeb(Object(Config\Paths))
10 SYSTEMPATH\rewrite.php(44): require_once('C:\\Users\\Zyra\\Desktop\\Activity\\codeigniter4\\public\\index.php')
CRITICAL - 2026-09-12 14:00:51 --> CodeIgniter\View\Exceptions\ViewException: Invalid file: "users/index.php"
[Method: GET, Route: users]
in SYSTEMPATH\Exceptions\FrameworkException.php on line 39.
 1 SYSTEMPATH\View\View.php(228): CodeIgniter\Exceptions\FrameworkException::forInvalidFile('users/index.php')
 2 SYSTEMPATH\Common.php(1268): CodeIgniter\View\View->render('users/index', [], true)
 3 APPPATH\Controllers\Users.php(37): view('users/index', [...])
 4 SYSTEMPATH\CodeIgniter.php(974): App\Controllers\Users->index()
 5 SYSTEMPATH\CodeIgniter.php(520): CodeIgniter\CodeIgniter->runController(Object(App\Controllers\Users))
 6 SYSTEMPATH\CodeIgniter.php(363): CodeIgniter\CodeIgniter->handleRequest(null, Object(Config\Cache), false)
 7 SYSTEMPATH\Boot.php(417): CodeIgniter\CodeIgniter->run()
 8 SYSTEMPATH\Boot.php(68): CodeIgniter\Boot::runCodeIgniter(Object(CodeIgniter\CodeIgniter))
 9 FCPATH\index.php(59): CodeIgniter\Boot::bootWeb(Object(Config\Paths))
10 SYSTEMPATH\rewrite.php(44): require_once('C:\\Users\\Zyra\\Desktop\\Activity\\codeigniter4\\public\\index.php')
CRITICAL - 2026-09-12 14:00:55 --> CodeIgniter\View\Exceptions\ViewException: Invalid file: "users/index.php"
[Method: GET, Route: users]
in SYSTEMPATH\Exceptions\FrameworkException.php on line 39.
 1 SYSTEMPATH\View\View.php(228): CodeIgniter\Exceptions\FrameworkException::forInvalidFile('users/index.php')
 2 SYSTEMPATH\Common.php(1268): CodeIgniter\View\View->render('users/index', [], true)
 3 APPPATH\Controllers\Users.php(37): view('users/index', [...])
 4 SYSTEMPATH\CodeIgniter.php(974): App\Controllers\Users->index()
 5 SYSTEMPATH\CodeIgniter.php(520): CodeIgniter\CodeIgniter->runController(Object(App\Controllers\Users))
 6 SYSTEMPATH\CodeIgniter.php(363): CodeIgniter\CodeIgniter->handleRequest(null, Object(Config\Cache), false)
 7 SYSTEMPATH\Boot.php(417): CodeIgniter\CodeIgniter->run()
 8 SYSTEMPATH\Boot.php(68): CodeIgniter\Boot::runCodeIgniter(Object(CodeIgniter\CodeIgniter))
 9 FCPATH\index.php(59): CodeIgniter\Boot::bootWeb(Object(Config\Paths))
10 SYSTEMPATH\rewrite.php(44): require_once('C:\\Users\\Zyra\\Desktop\\Activity\\codeigniter4\\public\\index.php')
CRITICAL - 2026-09-12 14:02:09 --> TypeError: CodeIgniter\View\View::__construct(): Argument #1 ($config) must be of type Config\View, null given, called in C:\Users\Zyra\Desktop\Activity\codeigniter4\system\Config\Services.php on line 509
[Method: GET, Route: users]
in SYSTEMPATH\View\View.php on line 135.
 1 SYSTEMPATH\Config\Services.php(509): CodeIgniter\View\View->__construct(null, 'C:\\Users\\Zyra\\Desktop\\Activity\\codeigniter4\\app\\Config/../Views', Object(CodeIgniter\Autoloader\FileLocator), true, Object(CodeIgniter\Log\Logger))
 2 SYSTEMPATH\Config\BaseService.php(325): CodeIgniter\Config\Services::renderer('C:\\Users\\Zyra\\Desktop\\Activity\\codeigniter4\\app\\Config/../Views', null, false)
 3 SYSTEMPATH\Config\BaseService.php(264): CodeIgniter\Config\BaseService::__callStatic('renderer', [...])
 4 SYSTEMPATH\Config\Services.php(503): CodeIgniter\Config\BaseService::getSharedInstance('renderer', null, null)
 5 SYSTEMPATH\Config\BaseService.php(334): CodeIgniter\Config\Services::renderer()
 6 SYSTEMPATH\Config\BaseService.php(203): CodeIgniter\Config\BaseService::__callStatic('renderer', [])
 7 SYSTEMPATH\Common.php(1096): CodeIgniter\Config\BaseService::get('renderer')
 8 SYSTEMPATH\Common.php(1258): service('renderer')
 9 APPPATH\Controllers\Users.php(37): view('users/index', [...])
10 SYSTEMPATH\CodeIgniter.php(974): App\Controllers\Users->index()
11 SYSTEMPATH\CodeIgniter.php(520): CodeIgniter\CodeIgniter->runController(Object(App\Controllers\Users))
12 SYSTEMPATH\CodeIgniter.php(363): CodeIgniter\CodeIgniter->handleRequest(null, Object(Config\Cache), false)
13 SYSTEMPATH\Boot.php(417): CodeIgniter\CodeIgniter->run()
14 SYSTEMPATH\Boot.php(68): CodeIgniter\Boot::runCodeIgniter(Object(CodeIgniter\CodeIgniter))
15 FCPATH\index.php(59): CodeIgniter\Boot::bootWeb(Object(Config\Paths))
16 SYSTEMPATH\rewrite.php(44): require_once('C:\\Users\\Zyra\\Desktop\\Activity\\codeigniter4\\public\\index.php')
